[     130ms] [LOG] [Fast Refresh] rebuilding @ http://localhost:1010/_next/static/chunks/node_modules_next_dist_1ybzpk2._.js:2489
[     315ms] [LOG] [Fast Refresh] done in 290ms @ http://localhost:1010/_next/static/chunks/node_modules_next_dist_1ybzpk2._.js:2489
[    2872ms] [INFO] %cDownload the React DevTools for a better development experience: https://react.dev/link/react-devtools font-weight:bold @ http://localhost:1010/_next/static/chunks/node_modules_next_dist_1ybzpk2._.js:2489
[    2935ms] [LOG] [HMR] connected @ http://localhost:1010/_next/static/chunks/node_modules_next_dist_1ybzpk2._.js:2489
[   21691ms] [LOG] [Fast Refresh] rebuilding @ http://localhost:1010/_next/static/chunks/node_modules_next_dist_1ybzpk2._.js:2489
[   21727ms] [LOG] [Fast Refresh] done in 152ms @ http://localhost:1010/_next/static/chunks/node_modules_next_dist_1ybzpk2._.js:2489
[   25854ms] [LOG] [Fast Refresh] rebuilding @ http://localhost:1010/_next/static/chunks/node_modules_next_dist_1ybzpk2._.js:2489
[   26350ms] [LOG] [Fast Refresh] done in 607ms @ http://localhost:1010/_next/static/chunks/node_modules_next_dist_1ybzpk2._.js:2489
[   28812ms] [LOG] [Fast Refresh] rebuilding @ http://localhost:1010/_next/static/chunks/node_modules_next_dist_1ybzpk2._.js:2489
[   30128ms] [LOG] [Fast Refresh] done in 1422ms @ http://localhost:1010/_next/static/chunks/node_modules_next_dist_1ybzpk2._.js:2489
[   31127ms] [LOG] [Fast Refresh] rebuilding @ http://localhost:1010/_next/static/chunks/node_modules_next_dist_1ybzpk2._.js:2489
[   31129ms] [LOG] [Fast Refresh] done in 104ms @ http://localhost:1010/_next/static/chunks/node_modules_next_dist_1ybzpk2._.js:2489
[  107359ms] [LOG] [Fast Refresh] rebuilding @ http://localhost:1010/_next/static/chunks/node_modules_next_dist_1ybzpk2._.js:2489
[  108231ms] [LOG] [Fast Refresh] done in 363ms @ http://localhost:1010/_next/static/chunks/node_modules_next_dist_1ybzpk2._.js:2489
[  108497ms] [LOG] [Fast Refresh] rebuilding @ http://localhost:1010/_next/static/chunks/node_modules_next_dist_1ybzpk2._.js:2489
[  109117ms] [LOG] [Fast Refresh] done in 720ms @ http://localhost:1010/_next/static/chunks/node_modules_next_dist_1ybzpk2._.js:2489
[  109221ms] [LOG] [Fast Refresh] rebuilding @ http://localhost:1010/_next/static/chunks/node_modules_next_dist_1ybzpk2._.js:2489
[  109319ms] [LOG] [Fast Refresh] done in 200ms @ http://localhost:1010/_next/static/chunks/node_modules_next_dist_1ybzpk2._.js:2489
[  109421ms] [LOG] [Fast Refresh] rebuilding @ http://localhost:1010/_next/static/chunks/node_modules_next_dist_1ybzpk2._.js:2489
[  109546ms] [LOG] [Fast Refresh] done in 225ms @ http://localhost:1010/_next/static/chunks/node_modules_next_dist_1ybzpk2._.js:2489
[  109687ms] [LOG] [Fast Refresh] rebuilding @ http://localhost:1010/_next/static/chunks/node_modules_next_dist_1ybzpk2._.js:2489
[  110022ms] [LOG] [Fast Refresh] done in 474ms @ http://localhost:1010/_next/static/chunks/node_modules_next_dist_1ybzpk2._.js:2489
