[     133ms] [LOG] [Fast Refresh] rebuilding @ http://localhost:1010/_next/static/chunks/node_modules_next_dist_1ybzpk2._.js:2489
[     329ms] [LOG] [Fast Refresh] done in 306ms @ http://localhost:1010/_next/static/chunks/node_modules_next_dist_1ybzpk2._.js:2489
[    3084ms] [INFO] %cDownload the React DevTools for a better development experience: https://react.dev/link/react-devtools font-weight:bold @ http://localhost:1010/_next/static/chunks/node_modules_next_dist_1ybzpk2._.js:2489
[    3146ms] [LOG] [HMR] connected @ http://localhost:1010/_next/static/chunks/node_modules_next_dist_1ybzpk2._.js:2489
[  111330ms] [LOG] [Fast Refresh] rebuilding @ http://localhost:1010/_next/static/chunks/node_modules_next_dist_1ybzpk2._.js:2489
[  111367ms] [LOG] [Fast Refresh] done in 150ms @ http://localhost:1010/_next/static/chunks/node_modules_next_dist_1ybzpk2._.js:2489
[  149036ms] [ERROR] WebSocket connection to 'ws://localhost:1010/_next/webpack-hmr?id=SEfYI_yoKMxg6PxYYSKO_' failed: Error in connection establishment: net::ERR_CONNECTION_REFUSED @ http://localhost:1010/_next/static/chunks/node_modules_next_dist_client_0r5nbpw._.js:13422
[  152361ms] [ERROR] WebSocket connection to 'ws://localhost:1010/_next/webpack-hmr?id=SEfYI_yoKMxg6PxYYSKO_' failed: Error in connection establishment: net::ERR_CONNECTION_REFUSED @ http://localhost:1010/_next/static/chunks/node_modules_next_dist_client_0r5nbpw._.js:13422
[  156638ms] [LOG] [HMR] connected @ http://localhost:1010/_next/static/chunks/node_modules_next_dist_1ybzpk2._.js:2489
[  171824ms] [INFO] %cDownload the React DevTools for a better development experience: https://react.dev/link/react-devtools font-weight:bold @ http://localhost:1010/_next/static/chunks/node_modules_next_dist_1ybzpk2._.js:2489
[  171881ms] [LOG] [HMR] connected @ http://localhost:1010/_next/static/chunks/node_modules_next_dist_1ybzpk2._.js:2489
[  172145ms] [LOG] [Fast Refresh] rebuilding @ http://localhost:1010/_next/static/chunks/node_modules_next_dist_1ybzpk2._.js:2489
[  172153ms] [LOG] [Fast Refresh] done in 148ms @ http://localhost:1010/_next/static/chunks/node_modules_next_dist_1ybzpk2._.js:2489
[  185354ms] [LOG] [Fast Refresh] rebuilding @ http://localhost:1010/_next/static/chunks/node_modules_next_dist_1ybzpk2._.js:2489
[  185365ms] [LOG] [Fast Refresh] done in 120ms @ http://localhost:1010/_next/static/chunks/node_modules_next_dist_1ybzpk2._.js:2489
[  186953ms] [LOG] [Fast Refresh] rebuilding @ http://localhost:1010/_next/static/chunks/node_modules_next_dist_1ybzpk2._.js:2489
[  188596ms] [LOG] [Fast Refresh] done in 1757ms @ http://localhost:1010/_next/static/chunks/node_modules_next_dist_1ybzpk2._.js:2489
[  188708ms] [LOG] [Fast Refresh] rebuilding @ http://localhost:1010/_next/static/chunks/node_modules_next_dist_1ybzpk2._.js:2489
[  188729ms] [LOG] [Fast Refresh] done in 125ms @ http://localhost:1010/_next/static/chunks/node_modules_next_dist_1ybzpk2._.js:2489
[  190217ms] [LOG] [Fast Refresh] rebuilding @ http://localhost:1010/_next/static/chunks/node_modules_next_dist_1ybzpk2._.js:2489
[  190245ms] [LOG] [Fast Refresh] done in 131ms @ http://localhost:1010/_next/static/chunks/node_modules_next_dist_1ybzpk2._.js:2489
[  240127ms] [LOG] [Fast Refresh] rebuilding @ http://localhost:1010/_next/static/chunks/node_modules_next_dist_1ybzpk2._.js:2489
[  241723ms] [LOG] [Fast Refresh] done in 1708ms @ http://localhost:1010/_next/static/chunks/node_modules_next_dist_1ybzpk2._.js:2489
[  244659ms] [LOG] [Fast Refresh] rebuilding @ http://localhost:1010/_next/static/chunks/node_modules_next_dist_1ybzpk2._.js:2489
[  244682ms] [LOG] [Fast Refresh] done in 123ms @ http://localhost:1010/_next/static/chunks/node_modules_next_dist_1ybzpk2._.js:2489
[  246169ms] [LOG] [Fast Refresh] rebuilding @ http://localhost:1010/_next/static/chunks/node_modules_next_dist_1ybzpk2._.js:2489
[  246174ms] [LOG] [Fast Refresh] done in 111ms @ http://localhost:1010/_next/static/chunks/node_modules_next_dist_1ybzpk2._.js:2489
[  247372ms] [LOG] [Fast Refresh] rebuilding @ http://localhost:1010/_next/static/chunks/node_modules_next_dist_1ybzpk2._.js:2489
[  247425ms] [LOG] [Fast Refresh] done in 160ms @ http://localhost:1010/_next/static/chunks/node_modules_next_dist_1ybzpk2._.js:2489
