[     137ms] [LOG] [Fast Refresh] rebuilding @ http://localhost:1010/_next/static/chunks/node_modules_next_dist_1ybzpk2._.js:2489
[     203ms] [LOG] [Fast Refresh] done in 174ms @ http://localhost:1010/_next/static/chunks/node_modules_next_dist_1ybzpk2._.js:2489
[    2168ms] [INFO] %cDownload the React DevTools for a better development experience: https://react.dev/link/react-devtools font-weight:bold @ http://localhost:1010/_next/static/chunks/node_modules_next_dist_1ybzpk2._.js:2489
[    2216ms] [LOG] [HMR] connected @ http://localhost:1010/_next/static/chunks/node_modules_next_dist_1ybzpk2._.js:2489
[    6714ms] [LOG] [Fast Refresh] rebuilding @ http://localhost:1010/_next/static/chunks/node_modules_next_dist_1ybzpk2._.js:2489
[    6764ms] [LOG] [Fast Refresh] done in 155ms @ http://localhost:1010/_next/static/chunks/node_modules_next_dist_1ybzpk2._.js:2489
[   17571ms] [LOG] [Fast Refresh] rebuilding @ http://localhost:1010/_next/static/chunks/node_modules_next_dist_1ybzpk2._.js:2489
[   17586ms] [LOG] [Fast Refresh] done in 129ms @ http://localhost:1010/_next/static/chunks/node_modules_next_dist_1ybzpk2._.js:2489
[   44732ms] [LOG] [Fast Refresh] rebuilding @ http://localhost:1010/_next/static/chunks/node_modules_next_dist_1ybzpk2._.js:2489
[   44757ms] [LOG] [Fast Refresh] done in 128ms @ http://localhost:1010/_next/static/chunks/node_modules_next_dist_1ybzpk2._.js:2489
[  348529ms] [LOG] [Fast Refresh] rebuilding @ http://localhost:1010/_next/static/chunks/node_modules_next_dist_1ybzpk2._.js:2489
[  348581ms] [LOG] [Fast Refresh] done in 160ms @ http://localhost:1010/_next/static/chunks/node_modules_next_dist_1ybzpk2._.js:2489
[  364659ms] [LOG] [Fast Refresh] rebuilding @ http://localhost:1010/_next/static/chunks/node_modules_next_dist_1ybzpk2._.js:2489
[  364663ms] [LOG] [Fast Refresh] done in 120ms @ http://localhost:1010/_next/static/chunks/node_modules_next_dist_1ybzpk2._.js:2489
[  398278ms] [LOG] [Fast Refresh] rebuilding @ http://localhost:1010/_next/static/chunks/node_modules_next_dist_1ybzpk2._.js:2489
[  398279ms] [LOG] [Fast Refresh] done in 113ms @ http://localhost:1010/_next/static/chunks/node_modules_next_dist_1ybzpk2._.js:2489
[  422944ms] [LOG] [Fast Refresh] rebuilding @ http://localhost:1010/_next/static/chunks/node_modules_next_dist_1ybzpk2._.js:2489
[  422947ms] [LOG] [Fast Refresh] done in 110ms @ http://localhost:1010/_next/static/chunks/node_modules_next_dist_1ybzpk2._.js:2489
[  427752ms] [LOG] [Fast Refresh] rebuilding @ http://localhost:1010/_next/static/chunks/node_modules_next_dist_1ybzpk2._.js:2489
[  427789ms] [LOG] [Fast Refresh] done in 138ms @ http://localhost:1010/_next/static/chunks/node_modules_next_dist_1ybzpk2._.js:2489
[  428426ms] [LOG] [Fast Refresh] rebuilding @ http://localhost:1010/_next/static/chunks/node_modules_next_dist_1ybzpk2._.js:2489
[  428459ms] [LOG] [Fast Refresh] done in 135ms @ http://localhost:1010/_next/static/chunks/node_modules_next_dist_1ybzpk2._.js:2489
[  432756ms] [LOG] [Fast Refresh] rebuilding @ http://localhost:1010/_next/static/chunks/node_modules_next_dist_1ybzpk2._.js:2489
[  432761ms] [LOG] [Fast Refresh] done in 107ms @ http://localhost:1010/_next/static/chunks/node_modules_next_dist_1ybzpk2._.js:2489
[  446330ms] [LOG] [Fast Refresh] rebuilding @ http://localhost:1010/_next/static/chunks/node_modules_next_dist_1ybzpk2._.js:2489
[  446337ms] [LOG] [Fast Refresh] done in 123ms @ http://localhost:1010/_next/static/chunks/node_modules_next_dist_1ybzpk2._.js:2489
[  451101ms] [LOG] [Fast Refresh] rebuilding @ http://localhost:1010/_next/static/chunks/node_modules_next_dist_1ybzpk2._.js:2489
[  451152ms] [LOG] [Fast Refresh] done in 163ms @ http://localhost:1010/_next/static/chunks/node_modules_next_dist_1ybzpk2._.js:2489
[  468576ms] [LOG] [Fast Refresh] rebuilding @ http://localhost:1010/_next/static/chunks/node_modules_next_dist_1ybzpk2._.js:2489
[  468578ms] [LOG] [Fast Refresh] done in 105ms @ http://localhost:1010/_next/static/chunks/node_modules_next_dist_1ybzpk2._.js:2489
[  486840ms] [LOG] [Fast Refresh] rebuilding @ http://localhost:1010/_next/static/chunks/node_modules_next_dist_1ybzpk2._.js:2489
[  486863ms] [LOG] [Fast Refresh] done in 127ms @ http://localhost:1010/_next/static/chunks/node_modules_next_dist_1ybzpk2._.js:2489
[  490734ms] [LOG] [Fast Refresh] rebuilding @ http://localhost:1010/_next/static/chunks/node_modules_next_dist_1ybzpk2._.js:2489
[  490742ms] [LOG] [Fast Refresh] done in 111ms @ http://localhost:1010/_next/static/chunks/node_modules_next_dist_1ybzpk2._.js:2489
[  506226ms] [LOG] [Fast Refresh] rebuilding @ http://localhost:1010/_next/static/chunks/node_modules_next_dist_1ybzpk2._.js:2489
[  506239ms] [LOG] [Fast Refresh] done in 122ms @ http://localhost:1010/_next/static/chunks/node_modules_next_dist_1ybzpk2._.js:2489
[  507257ms] [LOG] [Fast Refresh] rebuilding @ http://localhost:1010/_next/static/chunks/node_modules_next_dist_1ybzpk2._.js:2489
[  507283ms] [LOG] [Fast Refresh] done in 137ms @ http://localhost:1010/_next/static/chunks/node_modules_next_dist_1ybzpk2._.js:2489
[  548521ms] [LOG] [Fast Refresh] rebuilding @ http://localhost:1010/_next/static/chunks/node_modules_next_dist_1ybzpk2._.js:2489
[  548582ms] [LOG] [Fast Refresh] done in 164ms @ http://localhost:1010/_next/static/chunks/node_modules_next_dist_1ybzpk2._.js:2489
[  559162ms] [LOG] [Fast Refresh] rebuilding @ http://localhost:1010/_next/static/chunks/node_modules_next_dist_1ybzpk2._.js:2489
[  559188ms] [LOG] [Fast Refresh] done in 140ms @ http://localhost:1010/_next/static/chunks/node_modules_next_dist_1ybzpk2._.js:2489
[  568669ms] [LOG] [Fast Refresh] rebuilding @ http://localhost:1010/_next/static/chunks/node_modules_next_dist_1ybzpk2._.js:2489
[  568680ms] [LOG] [Fast Refresh] done in 128ms @ http://localhost:1010/_next/static/chunks/node_modules_next_dist_1ybzpk2._.js:2489
[  572732ms] [LOG] [Fast Refresh] rebuilding @ http://localhost:1010/_next/static/chunks/node_modules_next_dist_1ybzpk2._.js:2489
[  572775ms] [LOG] [Fast Refresh] done in 146ms @ http://localhost:1010/_next/static/chunks/node_modules_next_dist_1ybzpk2._.js:2489
[  583954ms] [LOG] [Fast Refresh] rebuilding @ http://localhost:1010/_next/static/chunks/node_modules_next_dist_1ybzpk2._.js:2489
[  583958ms] [LOG] [Fast Refresh] done in 109ms @ http://localhost:1010/_next/static/chunks/node_modules_next_dist_1ybzpk2._.js:2489
